../Core/Src/main.c:84:5:_write	24	static
../Core/Src/main.c:89:6:HAL_GPIO_EXTI_Callback	16	static,ignoring_inline_asm
../Core/Src/main.c:106:5:main	112	static
../Core/Src/main.c:207:6:SystemClock_Config	88	static
../Core/Src/main.c:253:13:MX_USART3_UART_Init	8	static
../Core/Src/main.c:286:13:MX_USB_OTG_FS_PCD_Init	8	static
../Core/Src/main.c:321:13:MX_GPIO_Init	56	static
../Core/Src/main.c:429:6:startLedTask	16	static
../Core/Src/main.c:448:6:startKeepAliveTask	16	static
../Core/Src/main.c:468:6:startInterruptTask	16	static
../Core/Src/main.c:491:6:HAL_TIM_PeriodElapsedCallback	16	static
../Core/Src/main.c:508:6:Error_Handler	4	static,ignoring_inline_asm
