../Core/Src/main.c:70:5:_write	24	static
../Core/Src/main.c:74:6:HAL_ADC_ConvCpltCallback	16	static
../Core/Src/main.c:84:5:main	8	static
../Core/Src/main.c:138:6:SystemClock_Config	88	static
../Core/Src/main.c:184:13:MX_ADC3_Init	24	static
../Core/Src/main.c:245:13:MX_USART3_UART_Init	8	static
../Core/Src/main.c:278:13:MX_USB_OTG_FS_PCD_Init	8	static
../Core/Src/main.c:311:13:MX_DMA_Init	16	static
../Core/Src/main.c:329:13:MX_GPIO_Init	56	static
../Core/Src/main.c:419:6:Error_Handler	4	static,ignoring_inline_asm
