../Core/Src/main.c:126:5:_write	24	static
../Core/Src/main.c:132:6:gpsUARTCallback	16	static
../Core/Src/main.c:163:6:read_system_status	8	static
../Core/Src/main.c:186:6:read_speed	8	static
../Core/Src/main.c:207:6:read_hasler_speed	4	static
../Core/Src/main.c:211:6:read_pulse_generator_speed	4	static
../Core/Src/main.c:215:6:read_gps_speed	8	static
../Core/Src/main.c:242:6:read_current_zone	4	static
../Core/Src/main.c:253:6:read_gps_status	4	static
../Core/Src/main.c:269:6:read_SIS_status	4	static
../Core/Src/main.c:279:6:read_activation_switches_state	8	static
../Core/Src/main.c:292:6:read_MAL_switch_state	4	static
../Core/Src/main.c:298:6:read_MAT_switch_state	4	static
../Core/Src/main.c:309:6:read_commands	8	static
../Core/Src/main.c:317:6:read_remote_command	8	static
../Core/Src/main.c:324:6:read_local_command	8	static
../Core/Src/main.c:338:6:display_system_status	8	static
../Core/Src/main.c:411:6:build_system_status	8	static
../Core/Src/main.c:415:6:build_speed_display	24	static
../Core/Src/main.c:438:6:send_system_status	4	static
../Core/Src/main.c:451:6:activate_zone_relay	4	static
../Core/Src/main.c:467:6:save_logs_local	8	static
../Core/Src/main.c:474:6:transmit_events_remote	8	static
../Core/Src/main.c:489:5:main	8	static
../Core/Src/main.c:563:6:SystemClock_Config	88	static
../Core/Src/main.c:610:13:MX_ADC3_Init	24	static
../Core/Src/main.c:662:13:MX_I2C1_Init	8	static
../Core/Src/main.c:710:13:MX_RTC_Init	32	static
../Core/Src/main.c:773:13:MX_SPI4_Init	8	static
../Core/Src/main.c:811:13:MX_UART4_Init	8	static
../Core/Src/main.c:844:13:MX_UART5_Init	8	static
../Core/Src/main.c:877:13:MX_UART7_Init	8	static
../Core/Src/main.c:910:13:MX_UART8_Init	8	static
../Core/Src/main.c:943:13:MX_USART3_UART_Init	8	static
../Core/Src/main.c:976:13:MX_USB_OTG_FS_USB_Init	4	static
../Core/Src/main.c:997:13:MX_GPIO_Init	64	static
../Core/Src/main.c:1191:6:Error_Handler	4	static,ignoring_inline_asm
